WXD ntfy listener started
Commands:
  Tracker A: "preview" (quick) or "fresh" (fetch new)
  Tracker B: "icon" (quick) or "icon-fresh" (fetch new)
  Tracker C: "mogreps" (quick) or "mogreps-fresh" (fetch new)
  Tracker D: "ukmo" (quick) or "ukmo-fresh" (fetch new)
  Daily: "summary" (Met Office summary preview)
  Engagement: "engagement" (preview)
  Replies: "check" (dry-run) or "respond" (live)
Send to: https://ntfy.sh/wxd-cmd
WXD ntfy listener started
Commands:
  Tracker A: "preview" (quick) or "fresh" (fetch new)
  Tracker B: "icon" (quick) or "icon-fresh" (fetch new)
  Tracker C: "mogreps" (quick) or "mogreps-fresh" (fetch new)
  Tracker D: "ukmo" (quick) or "ukmo-fresh" (fetch new)
  Daily: "summary" (Met Office summary preview)
  Engagement: "engagement" (preview)
  Replies: "check" (dry-run) or "respond" (live)
  Status: "status" (quick system overview)
Send to: https://ntfy.sh/wxd-cmd
WXD ntfy listener started
Commands:
  Tracker A: "preview" (quick) or "fresh" (fetch new)
  Tracker B: "icon" (quick) or "icon-fresh" (fetch new)
  Tracker C: "mogreps" (quick) or "mogreps-fresh" (fetch new)
  Tracker D: "ukmo" (quick) or "ukmo-fresh" (fetch new)
  Daily: "summary" (Met Office summary preview)
  Engagement: "engagement" (preview)
  Replies: "check" (dry-run) or "respond" (live)
  Status: "status" (quick system overview)
Send to: https://ntfy.sh/wxd-cmd
Status requested at 10:55:04
Response sent to wxd-alerts
Preview requested at 20:14:43
Response sent to wxd-alerts
WXD ntfy listener started
Commands:
  Tracker A: "preview" (quick) or "fresh" (fetch new)
  Tracker B: "icon" (quick) or "icon-fresh" (fetch new)
  Tracker C: "mogreps" (quick) or "mogreps-fresh" (fetch new)
  Tracker D: "ukmo" (quick) or "ukmo-fresh" (fetch new)
  Daily: "summary" (Met Office summary preview)
  Engagement: "engagement" (preview)
  Replies: "check" (dry-run) or "respond" (live)
  Status: "status" (quick system overview)
  Clear: "clear-feedback" (clear dashboard feedback queue)
Send to: https://ntfy.sh/wxd-cmd
Loaded credentials from ~/.wxd_env
WXD ntfy listener started
Commands:
  Tracker A: "preview" (quick) or "fresh" (fetch new)
  Tracker B: "icon" (quick) or "icon-fresh" (fetch new)
  Tracker C: "mogreps" (quick) or "mogreps-fresh" (fetch new)
  Tracker D: "ukmo" (quick) or "ukmo-fresh" (fetch new)
  Daily: "summary" (Met Office summary preview)
  Engagement: "engagement" (preview)
  Replies: "check" (dry-run) or "respond" (live)
  Status: "status" (quick system overview)
  Clear: "clear-feedback" (clear dashboard feedback queue)
Send to: https://ntfy.sh/wxd-cmd
Loaded credentials from ~/.wxd_env
WXD ntfy listener started
Commands:
  Tracker A: "preview" (quick) or "fresh" (fetch new)
  Tracker B: "icon" (quick) or "icon-fresh" (fetch new)
  Tracker C: "mogreps" (quick) or "mogreps-fresh" (fetch new)
  Tracker D: "ukmo" (quick) or "ukmo-fresh" (fetch new)
  Daily: "summary" (Met Office summary preview)
  Engagement: "engagement" (preview)
  Replies: "check" (dry-run) or "respond" (live)
  Status: "status" (quick system overview)
  Clear: "clear-feedback" (clear dashboard feedback queue)
Send to: https://ntfy.sh/wxd-cmd
Reply respond requested at 14:18:57
Response sent to wxd-alerts
Reply respond requested at 19:14:27
Response sent to wxd-alerts
Reply respond requested at 19:57:56
Response sent to wxd-alerts
Reply respond requested at 20:00:08
Response sent to wxd-alerts
Loaded credentials from ~/.wxd_env
WXD ntfy listener started
Commands:
  Tracker A: "preview" (quick) or "fresh" (fetch new)
  Tracker B: "icon" (quick) or "icon-fresh" (fetch new)
  Tracker C: "mogreps" (quick) or "mogreps-fresh" (fetch new)
  Tracker D: "ukmo" (quick) or "ukmo-fresh" (fetch new)
  Daily: "summary" (Met Office summary preview)
  Engagement: "engagement" (preview)
  Cross: "cross" (cross-tracker preview) or "cross-post" (live post)
  Replies: "check" (dry-run) or "respond" (live)
  Status: "status" (quick system overview)
  Clear: "clear-feedback" (clear dashboard feedback queue)
Send to: https://ntfy.sh/wxd-cmd
Loaded credentials from ~/.wxd_env
WXD ntfy listener started
Commands:
  Tracker A: "preview" (quick) or "fresh" (fetch new)
  Tracker B: "icon" (quick) or "icon-fresh" (fetch new)
  Tracker C: "mogreps" (quick) or "mogreps-fresh" (fetch new)
  Tracker D: "ukmo" (quick) or "ukmo-fresh" (fetch new)
  Daily: "summary" (Met Office summary preview)
  Engagement: "engagement" (preview)
  Cross: "cross" (cross-tracker preview) or "cross-post" (live post)
  Replies: "check" (dry-run) or "respond" (live)
  Status: "status" (quick system overview)
  Clear: "clear-feedback" (clear dashboard feedback queue)
Send to: https://ntfy.sh/wxd-cmd
